Archive member included to satisfy reference by file (symbol)

C:/8266/EST_TEST/hello_world/build/bootloader/main\libmain.a(bootloader_start.o)
                              (call_start_cpu)
C:/8266/EST_TEST/hello_world/build/bootloader/bootloader_support\libbootloader_support.a(bootloader_utility.o)
                              C:/8266/EST_TEST/hello_world/build/bootloader/main\libmain.a(bootloader_start.o) (bootloader_utility_load_partition_table)
C:/8266/EST_TEST/hello_world/build/bootloader/bootloader_support\libbootloader_support.a(bootloader_init.o)
                              C:/8266/EST_TEST/hello_world/build/bootloader/main\libmain.a(bootloader_start.o) (bootloader_init)
C:/8266/EST_TEST/hello_world/build/bootloader/bootloader_support\libbootloader_support.a(bootloader_flash.o)
                              C:/8266/EST_TEST/hello_world/build/bootloader/bootloader_support\libbootloader_support.a(bootloader_utility.o) (bootloader_mmap)
C:/8266/EST_TEST/hello_world/build/bootloader/bootloader_support\libbootloader_support.a(esp_image_format.o)
                              C:/8266/EST_TEST/hello_world/build/bootloader/bootloader_support\libbootloader_support.a(bootloader_utility.o) (esp_image_load)
C:/8266/EST_TEST/hello_world/build/bootloader/bootloader_support\libbootloader_support.a(flash_partitions.o)
                              C:/8266/EST_TEST/hello_world/build/bootloader/bootloader_support\libbootloader_support.a(bootloader_utility.o) (esp_partition_table_basic_verify)
C:/8266/EST_TEST/hello_world/build/bootloader/bootloader_support\libbootloader_support.a(bootloader_common.o)
                              C:/8266/EST_TEST/hello_world/build/bootloader/bootloader_support\libbootloader_support.a(bootloader_utility.o) (bootloader_common_ota_select_valid)
C:/8266/EST_TEST/hello_world/build/bootloader/spi_flash\libspi_flash.a(spi_flash.o)
                              C:/8266/EST_TEST/hello_world/build/bootloader/bootloader_support\libbootloader_support.a(bootloader_flash.o) (g_rom_flashchip)
C:/8266/EST_TEST/hello_world/build/bootloader/spi_flash\libspi_flash.a(spi_flash_raw.o)
                              C:/8266/EST_TEST/hello_world/build/bootloader/bootloader_support\libbootloader_support.a(bootloader_flash.o) (spi_flash_get_id_raw)
C:/8266/EST_TEST/hello_world/build/bootloader/log\liblog.a(log.o)
                              C:/8266/EST_TEST/hello_world/build/bootloader/bootloader_support\libbootloader_support.a(bootloader_common.o) (esp_log_early_timestamp)
C:/8266/EST_TEST/hello_world/build/bootloader/esp8266\libesp8266.a(ets_printf.o)
                              C:/8266/EST_TEST/hello_world/build/bootloader/log\liblog.a(log.o) (ets_vprintf)
C:/8266/EST_TEST/hello_world/build/bootloader/esp8266\libesp8266.a(crc.o)
                              C:/8266/EST_TEST/hello_world/build/bootloader/bootloader_support\libbootloader_support.a(bootloader_common.o) (crc32_le)
C:/8266/EST_TEST/hello_world/build/bootloader/esp8266\libesp8266.a(esp_fast_boot.o)
                              C:/8266/EST_TEST/hello_world/build/bootloader/bootloader_support\libbootloader_support.a(bootloader_utility.o) (esp_fast_boot_get_info)
C:/msys32/home/admin/esp/components/esp8266/lib\libcore.a(phy.o)
                              C:/8266/EST_TEST/hello_world/build/bootloader/bootloader_support\libbootloader_support.a(bootloader_init.o) (phy_reg_default)

Allocating common symbols
Common symbol       size              file

esp_image_spi_freq_t
                    0x4               C:/8266/EST_TEST/hello_world/build/bootloader/main\libmain.a(bootloader_start.o)

Discarded input sections

 .text          0x00000000        0x0 C:/8266/EST_TEST/hello_world/build/bootloader/main\libmain.a(bootloader_start.o)
 .data          0x00000000        0x0 C:/8266/EST_TEST/hello_world/build/bootloader/main\libmain.a(bootloader_start.o)
 .bss           0x00000000        0x0 C:/8266/EST_TEST/hello_world/build/bootloader/main\libmain.a(bootloader_start.o)
 .xt.lit        0x00000000       0x18 C:/8266/EST_TEST/hello_world/build/bootloader/main\libmain.a(bootloader_start.o)
 .xt.prop       0x00000000       0xe4 C:/8266/EST_TEST/hello_world/build/bootloader/main\libmain.a(bootloader_start.o)
 COMMON         0x00000000        0x4 C:/8266/EST_TEST/hello_world/build/bootloader/main\libmain.a(bootloader_start.o)
 .literal.bootloader_utility_fast_boot_image
                0x00000000        0x8 C:/8266/EST_TEST/hello_world/build/bootloader/bootloader_support\libbootloader_support.a(bootloader_utility.o)
 .text          0x00000000        0x0 C:/8266/EST_TEST/hello_world/build/bootloader/bootloader_support\libbootloader_support.a(bootloader_utility.o)
 .data          0x00000000        0x0 C:/8266/EST_TEST/hello_world/build/bootloader/bootloader_support\libbootloader_support.a(bootloader_utility.o)
 .bss           0x00000000        0x0 C:/8266/EST_TEST/hello_world/build/bootloader/bootloader_support\libbootloader_support.a(bootloader_utility.o)
 .text.bootloader_utility_fast_boot_image
                0x00000000       0x27 C:/8266/EST_TEST/hello_world/build/bootloader/bootloader_support\libbootloader_support.a(bootloader_utility.o)
 .xt.lit        0x00000000       0x38 C:/8266/EST_TEST/hello_world/build/bootloader/bootloader_support\libbootloader_support.a(bootloader_utility.o)
 .xt.prop       0x00000000      0x3fc C:/8266/EST_TEST/hello_world/build/bootloader/bootloader_support\libbootloader_support.a(bootloader_utility.o)
 .text          0x00000000        0x0 C:/8266/EST_TEST/hello_world/build/bootloader/bootloader_support\libbootloader_support.a(bootloader_init.o)
 .data          0x00000000        0x0 C:/8266/EST_TEST/hello_world/build/bootloader/bootloader_support\libbootloader_support.a(bootloader_init.o)
 .bss           0x00000000        0x0 C:/8266/EST_TEST/hello_world/build/bootloader/bootloader_support\libbootloader_support.a(bootloader_init.o)
 .xt.lit        0x00000000       0x18 C:/8266/EST_TEST/hello_world/build/bootloader/bootloader_support\libbootloader_support.a(bootloader_init.o)
 .xt.prop       0x00000000       0xcc C:/8266/EST_TEST/hello_world/build/bootloader/bootloader_support\libbootloader_support.a(bootloader_init.o)
 .literal.bootloader_flash_write
                0x00000000        0xc C:/8266/EST_TEST/hello_world/build/bootloader/bootloader_support\libbootloader_support.a(bootloader_flash.o)
 .literal.bootloader_flash_erase_sector
                0x00000000        0x4 C:/8266/EST_TEST/hello_world/build/bootloader/bootloader_support\libbootloader_support.a(bootloader_flash.o)
 .text          0x00000000        0x0 C:/8266/EST_TEST/hello_world/build/bootloader/bootloader_support\libbootloader_support.a(bootloader_flash.o)
 .data          0x00000000        0x0 C:/8266/EST_TEST/hello_world/build/bootloader/bootloader_support\libbootloader_support.a(bootloader_flash.o)
 .bss           0x00000000        0x0 C:/8266/EST_TEST/hello_world/build/bootloader/bootloader_support\libbootloader_support.a(bootloader_flash.o)
 .text.bootloader_flash_write
                0x00000000       0x69 C:/8266/EST_TEST/hello_world/build/bootloader/bootloader_support\libbootloader_support.a(bootloader_flash.o)
 .text.bootloader_flash_erase_sector
                0x00000000       0x15 C:/8266/EST_TEST/hello_world/build/bootloader/bootloader_support\libbootloader_support.a(bootloader_flash.o)
 .xt.lit        0x00000000       0x50 C:/8266/EST_TEST/hello_world/build/bootloader/bootloader_support\libbootloader_support.a(bootloader_flash.o)
 .xt.prop       0x00000000      0x42c C:/8266/EST_TEST/hello_world/build/bootloader/bootloader_support\libbootloader_support.a(bootloader_flash.o)
 .literal.esp_image_verify_bootloader
                0x00000000        0x8 C:/8266/EST_TEST/hello_world/build/bootloader/bootloader_support\libbootloader_support.a(esp_image_format.o)
 .text          0x00000000        0x0 C:/8266/EST_TEST/hello_world/build/bootloader/bootloader_support\libbootloader_support.a(esp_image_format.o)
 .data          0x00000000        0x0 C:/8266/EST_TEST/hello_world/build/bootloader/bootloader_support\libbootloader_support.a(esp_image_format.o)
 .bss           0x00000000        0x0 C:/8266/EST_TEST/hello_world/build/bootloader/bootloader_support\libbootloader_support.a(esp_image_format.o)
 .text.esp_image_verify_bootloader
                0x00000000       0x41 C:/8266/EST_TEST/hello_world/build/bootloader/bootloader_support\libbootloader_support.a(esp_image_format.o)
 .xt.lit        0x00000000       0x40 C:/8266/EST_TEST/hello_world/build/bootloader/bootloader_support\libbootloader_support.a(esp_image_format.o)
 .xt.prop       0x00000000      0x318 C:/8266/EST_TEST/hello_world/build/bootloader/bootloader_support\libbootloader_support.a(esp_image_format.o)
 .text          0x00000000        0x0 C:/8266/EST_TEST/hello_world/build/bootloader/bootloader_support\libbootloader_support.a(flash_partitions.o)
 .data          0x00000000        0x0 C:/8266/EST_TEST/hello_world/build/bootloader/bootloader_support\libbootloader_support.a(flash_partitions.o)
 .bss           0x00000000        0x0 C:/8266/EST_TEST/hello_world/build/bootloader/bootloader_support\libbootloader_support.a(flash_partitions.o)
 .xt.lit        0x00000000        0x8 C:/8266/EST_TEST/hello_world/build/bootloader/bootloader_support\libbootloader_support.a(flash_partitions.o)
 .xt.prop       0x00000000       0xd8 C:/8266/EST_TEST/hello_world/build/bootloader/bootloader_support\libbootloader_support.a(flash_partitions.o)
 .literal.bootloader_common_check_long_hold_gpio
                0x00000000       0x58 C:/8266/EST_TEST/hello_world/build/bootloader/bootloader_support\libbootloader_support.a(bootloader_common.o)
 .text          0x00000000        0x0 C:/8266/EST_TEST/hello_world/build/bootloader/bootloader_support\libbootloader_support.a(bootloader_common.o)
 .data          0x00000000        0x0 C:/8266/EST_TEST/hello_world/build/bootloader/bootloader_support\libbootloader_support.a(bootloader_common.o)
 .bss           0x00000000        0x0 C:/8266/EST_TEST/hello_world/build/bootloader/bootloader_support\libbootloader_support.a(bootloader_common.o)
 .text.bootloader_common_check_long_hold_gpio
                0x00000000      0x230 C:/8266/EST_TEST/hello_world/build/bootloader/bootloader_support\libbootloader_support.a(bootloader_common.o)
 .xt.lit        0x00000000       0x18 C:/8266/EST_TEST/hello_world/build/bootloader/bootloader_support\libbootloader_support.a(bootloader_common.o)
 .xt.prop       0x00000000      0x420 C:/8266/EST_TEST/hello_world/build/bootloader/bootloader_support\libbootloader_support.a(bootloader_common.o)
 .literal.spi_flash_program
                0x00000000       0x20 C:/8266/EST_TEST/hello_world/build/bootloader/spi_flash\libspi_flash.a(spi_flash.o)
 .literal.__spi_flash_write
                0x00000000        0x8 C:/8266/EST_TEST/hello_world/build/bootloader/spi_flash\libspi_flash.a(spi_flash.o)
 .literal.__spi_flash_read
                0x00000000       0x10 C:/8266/EST_TEST/hello_world/build/bootloader/spi_flash\libspi_flash.a(spi_flash.o)
 .literal.spi_flash_write_status
                0x00000000        0xc C:/8266/EST_TEST/hello_world/build/bootloader/spi_flash\libspi_flash.a(spi_flash.o)
 .literal.spi_flash_check_wr_protect
                0x00000000       0x58 C:/8266/EST_TEST/hello_world/build/bootloader/spi_flash\libspi_flash.a(spi_flash.o)
 .literal.spi_flash_erase_sector
                0x00000000       0x18 C:/8266/EST_TEST/hello_world/build/bootloader/spi_flash\libspi_flash.a(spi_flash.o)
 .literal.spi_flash_read
                0x00000000       0x24 C:/8266/EST_TEST/hello_world/build/bootloader/spi_flash\libspi_flash.a(spi_flash.o)
 .literal.spi_flash_write
                0x00000000       0x3c C:/8266/EST_TEST/hello_world/build/bootloader/spi_flash\libspi_flash.a(spi_flash.o)
 .literal.spi_flash_erase_range
                0x00000000       0x10 C:/8266/EST_TEST/hello_world/build/bootloader/spi_flash\libspi_flash.a(spi_flash.o)
 .literal.spi_flash_cache2phys
                0x00000000       0x18 C:/8266/EST_TEST/hello_world/build/bootloader/spi_flash\libspi_flash.a(spi_flash.o)
 .literal.spi_flash_get_chip_size
                0x00000000        0x4 C:/8266/EST_TEST/hello_world/build/bootloader/spi_flash\libspi_flash.a(spi_flash.o)
 .text          0x00000000        0x0 C:/8266/EST_TEST/hello_world/build/bootloader/spi_flash\libspi_flash.a(spi_flash.o)
 .data          0x00000000        0x0 C:/8266/EST_TEST/hello_world/build/bootloader/spi_flash\libspi_flash.a(spi_flash.o)
 .bss           0x00000000        0x0 C:/8266/EST_TEST/hello_world/build/bootloader/spi_flash\libspi_flash.a(spi_flash.o)
 .text.spi_flash_program
                0x00000000       0xd8 C:/8266/EST_TEST/hello_world/build/bootloader/spi_flash\libspi_flash.a(spi_flash.o)
 .text.__spi_flash_write
                0x00000000       0x23 C:/8266/EST_TEST/hello_world/build/bootloader/spi_flash\libspi_flash.a(spi_flash.o)
 .text.__spi_flash_read
                0x00000000       0x31 C:/8266/EST_TEST/hello_world/build/bootloader/spi_flash\libspi_flash.a(spi_flash.o)
 .text.spi_flash_write_status
                0x00000000       0x2a C:/8266/EST_TEST/hello_world/build/bootloader/spi_flash\libspi_flash.a(spi_flash.o)
 .text.spi_flash_check_wr_protect
                0x00000000      0x195 C:/8266/EST_TEST/hello_world/build/bootloader/spi_flash\libspi_flash.a(spi_flash.o)
 .text.spi_flash_erase_sector
                0x00000000       0x56 C:/8266/EST_TEST/hello_world/build/bootloader/spi_flash\libspi_flash.a(spi_flash.o)
 .text.spi_flash_read
                0x00000000      0x109 C:/8266/EST_TEST/hello_world/build/bootloader/spi_flash\libspi_flash.a(spi_flash.o)
 .text.spi_flash_write
                0x00000000      0x176 C:/8266/EST_TEST/hello_world/build/bootloader/spi_flash\libspi_flash.a(spi_flash.o)
 .text.spi_flash_erase_range
                0x00000000       0x67 C:/8266/EST_TEST/hello_world/build/bootloader/spi_flash\libspi_flash.a(spi_flash.o)
 .text.spi_flash_cache2phys
                0x00000000       0x4e C:/8266/EST_TEST/hello_world/build/bootloader/spi_flash\libspi_flash.a(spi_flash.o)
 .text.spi_flash_get_chip_size
                0x00000000        0x7 C:/8266/EST_TEST/hello_world/build/bootloader/spi_flash\libspi_flash.a(spi_flash.o)
 .xt.lit        0x00000000       0xd0 C:/8266/EST_TEST/hello_world/build/bootloader/spi_flash\libspi_flash.a(spi_flash.o)
 .xt.prop       0x00000000      0xb34 C:/8266/EST_TEST/hello_world/build/bootloader/spi_flash\libspi_flash.a(spi_flash.o)
 .literal.spi_flash_write_status_raw
                0x00000000       0x1c C:/8266/EST_TEST/hello_world/build/bootloader/spi_flash\libspi_flash.a(spi_flash_raw.o)
 .literal.spi_flash_erase_sector_raw
                0x00000000       0x14 C:/8266/EST_TEST/hello_world/build/bootloader/spi_flash\libspi_flash.a(spi_flash_raw.o)
 .literal.spi_flash_write_raw
                0x00000000        0xc C:/8266/EST_TEST/hello_world/build/bootloader/spi_flash\libspi_flash.a(spi_flash_raw.o)
 .literal.spi_flash_read_raw
                0x00000000        0xc C:/8266/EST_TEST/hello_world/build/bootloader/spi_flash\libspi_flash.a(spi_flash_raw.o)
 .text          0x00000000        0x0 C:/8266/EST_TEST/hello_world/build/bootloader/spi_flash\libspi_flash.a(spi_flash_raw.o)
 .data          0x00000000        0x0 C:/8266/EST_TEST/hello_world/build/bootloader/spi_flash\libspi_flash.a(spi_flash_raw.o)
 .bss           0x00000000        0x0 C:/8266/EST_TEST/hello_world/build/bootloader/spi_flash\libspi_flash.a(spi_flash_raw.o)
 .text.spi_flash_write_status_raw
                0x00000000       0x5c C:/8266/EST_TEST/hello_world/build/bootloader/spi_flash\libspi_flash.a(spi_flash_raw.o)
 .text.spi_flash_erase_sector_raw
                0x00000000       0x50 C:/8266/EST_TEST/hello_world/build/bootloader/spi_flash\libspi_flash.a(spi_flash_raw.o)
 .text.spi_flash_write_raw
                0x00000000       0x43 C:/8266/EST_TEST/hello_world/build/bootloader/spi_flash\libspi_flash.a(spi_flash_raw.o)
 .text.spi_flash_read_raw
                0x00000000       0x43 C:/8266/EST_TEST/hello_world/build/bootloader/spi_flash\libspi_flash.a(spi_flash_raw.o)
 .xt.lit        0x00000000       0x58 C:/8266/EST_TEST/hello_world/build/bootloader/spi_flash\libspi_flash.a(spi_flash_raw.o)
 .xt.prop       0x00000000      0x348 C:/8266/EST_TEST/hello_world/build/bootloader/spi_flash\libspi_flash.a(spi_flash_raw.o)
 .iram1.0.literal
                0x00000000        0x8 C:/8266/EST_TEST/hello_world/build/bootloader/log\liblog.a(log.o)
 .iram1.1.literal
                0x00000000       0x30 C:/8266/EST_TEST/hello_world/build/bootloader/log\liblog.a(log.o)
 .text          0x00000000        0x0 C:/8266/EST_TEST/hello_world/build/bootloader/log\liblog.a(log.o)
 .data          0x00000000        0x0 C:/8266/EST_TEST/hello_world/build/bootloader/log\liblog.a(log.o)
 .bss           0x00000000        0x0 C:/8266/EST_TEST/hello_world/build/bootloader/log\liblog.a(log.o)
 .iram1.0       0x00000000       0x18 C:/8266/EST_TEST/hello_world/build/bootloader/log\liblog.a(log.o)
 .rodata.str1.4
                0x00000000       0x22 C:/8266/EST_TEST/hello_world/build/bootloader/log\liblog.a(log.o)
 .iram1.1       0x00000000       0xa1 C:/8266/EST_TEST/hello_world/build/bootloader/log\liblog.a(log.o)
 .rodata.s_log_prefix
                0x00000000        0x6 C:/8266/EST_TEST/hello_world/build/bootloader/log\liblog.a(log.o)
 .rodata.s_log_color
                0x00000000       0x18 C:/8266/EST_TEST/hello_world/build/bootloader/log\liblog.a(log.o)
 .debug_frame   0x00000000       0x58 C:/8266/EST_TEST/hello_world/build/bootloader/log\liblog.a(log.o)
 .debug_info    0x00000000     0x12ba C:/8266/EST_TEST/hello_world/build/bootloader/log\liblog.a(log.o)
 .debug_abbrev  0x00000000      0x315 C:/8266/EST_TEST/hello_world/build/bootloader/log\liblog.a(log.o)
 .debug_loc     0x00000000      0x119 C:/8266/EST_TEST/hello_world/build/bootloader/log\liblog.a(log.o)
 .debug_aranges
                0x00000000       0x28 C:/8266/EST_TEST/hello_world/build/bootloader/log\liblog.a(log.o)
 .debug_ranges  0x00000000       0x18 C:/8266/EST_TEST/hello_world/build/bootloader/log\liblog.a(log.o)
 .debug_line    0x00000000      0x4a1 C:/8266/EST_TEST/hello_world/build/bootloader/log\liblog.a(log.o)
 .debug_str     0x00000000     0x103b C:/8266/EST_TEST/hello_world/build/bootloader/log\liblog.a(log.o)
 .comment       0x00000000       0x32 C:/8266/EST_TEST/hello_world/build/bootloader/log\liblog.a(log.o)
 .xt.lit        0x00000000       0x10 C:/8266/EST_TEST/hello_world/build/bootloader/log\liblog.a(log.o)
 .xt.prop       0x00000000       0xcc C:/8266/EST_TEST/hello_world/build/bootloader/log\liblog.a(log.o)
 .literal.uart_putc
                0x00000000        0x8 C:/8266/EST_TEST/hello_world/build/bootloader/esp8266\libesp8266.a(ets_printf.o)
 .literal.ets_putc
                0x00000000        0x8 C:/8266/EST_TEST/hello_world/build/bootloader/esp8266\libesp8266.a(ets_printf.o)
 .literal.ets_vprintf
                0x00000000        0x8 C:/8266/EST_TEST/hello_world/build/bootloader/esp8266\libesp8266.a(ets_printf.o)
 .iram1.0.literal
                0x00000000        0x8 C:/8266/EST_TEST/hello_world/build/bootloader/esp8266\libesp8266.a(ets_printf.o)
 .text          0x00000000        0x0 C:/8266/EST_TEST/hello_world/build/bootloader/esp8266\libesp8266.a(ets_printf.o)
 .data          0x00000000        0x0 C:/8266/EST_TEST/hello_world/build/bootloader/esp8266\libesp8266.a(ets_printf.o)
 .bss           0x00000000        0x0 C:/8266/EST_TEST/hello_world/build/bootloader/esp8266\libesp8266.a(ets_printf.o)
 .text.uart_putc
                0x00000000       0x1b C:/8266/EST_TEST/hello_world/build/bootloader/esp8266\libesp8266.a(ets_printf.o)
 .text.ets_putc
                0x00000000       0x27 C:/8266/EST_TEST/hello_world/build/bootloader/esp8266\libesp8266.a(ets_printf.o)
 .text.ets_vprintf
                0x00000000       0x1f C:/8266/EST_TEST/hello_world/build/bootloader/esp8266\libesp8266.a(ets_printf.o)
 .iram1.0       0x00000000       0x39 C:/8266/EST_TEST/hello_world/build/bootloader/esp8266\libesp8266.a(ets_printf.o)
 .debug_frame   0x00000000       0x80 C:/8266/EST_TEST/hello_world/build/bootloader/esp8266\libesp8266.a(ets_printf.o)
 .debug_info    0x00000000      0xb66 C:/8266/EST_TEST/hello_world/build/bootloader/esp8266\libesp8266.a(ets_printf.o)
 .debug_abbrev  0x00000000      0x2a2 C:/8266/EST_TEST/hello_world/build/bootloader/esp8266\libesp8266.a(ets_printf.o)
 .debug_loc     0x00000000       0xe9 C:/8266/EST_TEST/hello_world/build/bootloader/esp8266\libesp8266.a(ets_printf.o)
 .debug_aranges
                0x00000000       0x38 C:/8266/EST_TEST/hello_world/build/bootloader/esp8266\libesp8266.a(ets_printf.o)
 .debug_ranges  0x00000000       0x28 C:/8266/EST_TEST/hello_world/build/bootloader/esp8266\libesp8266.a(ets_printf.o)
 .debug_line    0x00000000      0x39e C:/8266/EST_TEST/hello_world/build/bootloader/esp8266\libesp8266.a(ets_printf.o)
 .debug_str     0x00000000      0x6a0 C:/8266/EST_TEST/hello_world/build/bootloader/esp8266\libesp8266.a(ets_printf.o)
 .comment       0x00000000       0x32 C:/8266/EST_TEST/hello_world/build/bootloader/esp8266\libesp8266.a(ets_printf.o)
 .xt.lit        0x00000000       0x20 C:/8266/EST_TEST/hello_world/build/bootloader/esp8266\libesp8266.a(ets_printf.o)
 .xt.prop       0x00000000       0xe4 C:/8266/EST_TEST/hello_world/build/bootloader/esp8266\libesp8266.a(ets_printf.o)
 .literal.crc16_le
                0x00000000        0x4 C:/8266/EST_TEST/hello_world/build/bootloader/esp8266\libesp8266.a(crc.o)
 .literal.esp_crc8
                0x00000000        0x4 C:/8266/EST_TEST/hello_world/build/bootloader/esp8266\libesp8266.a(crc.o)
 .text          0x00000000        0x0 C:/8266/EST_TEST/hello_world/build/bootloader/esp8266\libesp8266.a(crc.o)
 .data          0x00000000        0x0 C:/8266/EST_TEST/hello_world/build/bootloader/esp8266\libesp8266.a(crc.o)
 .bss           0x00000000        0x0 C:/8266/EST_TEST/hello_world/build/bootloader/esp8266\libesp8266.a(crc.o)
 .text.crc16_le
                0x00000000       0x3b C:/8266/EST_TEST/hello_world/build/bootloader/esp8266\libesp8266.a(crc.o)
 .text.esp_crc8
                0x00000000       0x21 C:/8266/EST_TEST/hello_world/build/bootloader/esp8266\libesp8266.a(crc.o)
 .rodata.crc8_le_table
                0x00000000      0x100 C:/8266/EST_TEST/hello_world/build/bootloader/esp8266\libesp8266.a(crc.o)
 .rodata.crc16_le_table
                0x00000000      0x200 C:/8266/EST_TEST/hello_world/build/bootloader/esp8266\libesp8266.a(crc.o)
 .xt.lit        0x00000000       0x18 C:/8266/EST_TEST/hello_world/build/bootloader/esp8266\libesp8266.a(crc.o)
 .xt.prop       0x00000000       0xfc C:/8266/EST_TEST/hello_world/build/bootloader/esp8266\libesp8266.a(crc.o)
 .literal.esp_fast_boot_disable
                0x00000000        0x4 C:/8266/EST_TEST/hello_world/build/bootloader/esp8266\libesp8266.a(esp_fast_boot.o)
 .literal.esp_fast_boot_get_info
                0x00000000       0x18 C:/8266/EST_TEST/hello_world/build/bootloader/esp8266\libesp8266.a(esp_fast_boot.o)
 .literal.esp_fast_boot_print_info
                0x00000000       0x2c C:/8266/EST_TEST/hello_world/build/bootloader/esp8266\libesp8266.a(esp_fast_boot.o)
 .text          0x00000000        0x0 C:/8266/EST_TEST/hello_world/build/bootloader/esp8266\libesp8266.a(esp_fast_boot.o)
 .data          0x00000000        0x0 C:/8266/EST_TEST/hello_world/build/bootloader/esp8266\libesp8266.a(esp_fast_boot.o)
 .bss           0x00000000        0x0 C:/8266/EST_TEST/hello_world/build/bootloader/esp8266\libesp8266.a(esp_fast_boot.o)
 .text.esp_fast_boot_disable
                0x00000000       0x11 C:/8266/EST_TEST/hello_world/build/bootloader/esp8266\libesp8266.a(esp_fast_boot.o)
 .text.esp_fast_boot_get_info
                0x00000000       0x6b C:/8266/EST_TEST/hello_world/build/bootloader/esp8266\libesp8266.a(esp_fast_boot.o)
 .rodata.esp_fast_boot_print_info.str1.4
                0x00000000       0x59 C:/8266/EST_TEST/hello_world/build/bootloader/esp8266\libesp8266.a(esp_fast_boot.o)
 .text.esp_fast_boot_print_info
                0x00000000       0x4d C:/8266/EST_TEST/hello_world/build/bootloader/esp8266\libesp8266.a(esp_fast_boot.o)
 .debug_frame   0x00000000       0x68 C:/8266/EST_TEST/hello_world/build/bootloader/esp8266\libesp8266.a(esp_fast_boot.o)
 .debug_info    0x00000000      0xb79 C:/8266/EST_TEST/hello_world/build/bootloader/esp8266\libesp8266.a(esp_fast_boot.o)
 .debug_abbrev  0x00000000      0x251 C:/8266/EST_TEST/hello_world/build/bootloader/esp8266\libesp8266.a(esp_fast_boot.o)
 .debug_loc     0x00000000       0xb0 C:/8266/EST_TEST/hello_world/build/bootloader/esp8266\libesp8266.a(esp_fast_boot.o)
 .debug_aranges
                0x00000000       0x30 C:/8266/EST_TEST/hello_world/build/bootloader/esp8266\libesp8266.a(esp_fast_boot.o)
 .debug_ranges  0x00000000       0x20 C:/8266/EST_TEST/hello_world/build/bootloader/esp8266\libesp8266.a(esp_fast_boot.o)
 .debug_line    0x00000000      0x42e C:/8266/EST_TEST/hello_world/build/bootloader/esp8266\libesp8266.a(esp_fast_boot.o)
 .debug_str     0x00000000      0x6e9 C:/8266/EST_TEST/hello_world/build/bootloader/esp8266\libesp8266.a(esp_fast_boot.o)
 .comment       0x00000000       0x32 C:/8266/EST_TEST/hello_world/build/bootloader/esp8266\libesp8266.a(esp_fast_boot.o)
 .xt.lit        0x00000000       0x18 C:/8266/EST_TEST/hello_world/build/bootloader/esp8266\libesp8266.a(esp_fast_boot.o)
 .xt.prop       0x00000000       0xc0 C:/8266/EST_TEST/hello_world/build/bootloader/esp8266\libesp8266.a(esp_fast_boot.o)
 .literal.phy_reg_default
                0x00000000        0x0 C:/msys32/home/admin/esp/components/esp8266/lib\libcore.a(phy.o)
 .text          0x00000000        0x0 C:/msys32/home/admin/esp/components/esp8266/lib\libcore.a(phy.o)
 .data          0x00000000        0x0 C:/msys32/home/admin/esp/components/esp8266/lib\libcore.a(phy.o)
 .bss           0x00000000        0x0 C:/msys32/home/admin/esp/components/esp8266/lib\libcore.a(phy.o)
 .xt.lit        0x00000000        0x8 C:/msys32/home/admin/esp/components/esp8266/lib\libcore.a(phy.o)
 .xt.prop       0x00000000       0x48 C:/msys32/home/admin/esp/components/esp8266/lib\libcore.a(phy.o)

Memory Configuration

Name             Origin             Length             Attributes
dport0_seg       0x3ff00000         0x00000010
dram_seg         0x3ffe8000         0x00017c00
iram_seg         0x40100000         0x00008000
*default*        0x00000000         0xffffffff

Linker script and memory map

START GROUP
LOAD C:/8266/EST_TEST/hello_world/build/bootloader/main\libmain.a
LOAD C:/msys32/home/admin/esp/components/esp8266/lib\libcore.a
LOAD C:/8266/EST_TEST/hello_world/build/bootloader/bootloader_support\libbootloader_support.a
LOAD C:/8266/EST_TEST/hello_world/build/bootloader/spi_flash\libspi_flash.a
LOAD C:/8266/EST_TEST/hello_world/build/bootloader/log\liblog.a
LOAD C:/8266/EST_TEST/hello_world/build/bootloader/esp8266\libesp8266.a
LOAD C:/msys32/home/admin/esp/components/esp8266/lib\libgcc.a
LOAD c:/msys32/opt/xtensa-lx106-elf/bin/../lib/gcc/xtensa-lx106-elf/8.4.0/../../../../xtensa-lx106-elf/lib\libstdc++.a
LOAD c:/msys32/opt/xtensa-lx106-elf/bin/../lib/gcc/xtensa-lx106-elf/8.4.0\libgcov.a
END GROUP

.text           0x40100000     0x15a4
                0x40100000                _stext = .
                0x40100000                _text_start = ABSOLUTE (.)
                0x40100000                . = ALIGN (0x10)
 *(.entry.text)
 *(.init.literal)
 *(.init)
 *(.literal .text .literal.* .text.* .stub .gnu.warning .gnu.linkonce.literal.* .gnu.linkonce.t.*.literal .gnu.linkonce.t.*)
 .literal.selected_boot_partition
                0x40100000        0x0 C:/8266/EST_TEST/hello_world/build/bootloader/main\libmain.a(bootloader_start.o)
                                  0x4 (size before relaxing)
 .literal.select_image
                0x40100000        0x4 C:/8266/EST_TEST/hello_world/build/bootloader/main\libmain.a(bootloader_start.o)
                                 0x10 (size before relaxing)
 .literal.call_start_cpu
                0x40100004        0x0 C:/8266/EST_TEST/hello_world/build/bootloader/main\libmain.a(bootloader_start.o)
                                  0xc (size before relaxing)
 .literal.bootloader_utility_start_image
                0x40100004        0x0 C:/8266/EST_TEST/hello_world/build/bootloader/bootloader_support\libbootloader_support.a(bootloader_utility.o)
                                  0x4 (size before relaxing)
 .literal.try_load_partition
                0x40100004        0x0 C:/8266/EST_TEST/hello_world/build/bootloader/bootloader_support\libbootloader_support.a(bootloader_utility.o)
                                  0x4 (size before relaxing)
 .literal.bootloader_utility_load_partition_table
                0x40100004       0x10 C:/8266/EST_TEST/hello_world/build/bootloader/bootloader_support\libbootloader_support.a(bootloader_utility.o)
                                 0x1c (size before relaxing)
 .literal.bootloader_utility_get_selected_boot_partition
                0x40100014        0x8 C:/8266/EST_TEST/hello_world/build/bootloader/bootloader_support\libbootloader_support.a(bootloader_utility.o)
                                 0x28 (size before relaxing)
 .literal.bootloader_utility_load_boot_image
                0x4010001c        0x0 C:/8266/EST_TEST/hello_world/build/bootloader/bootloader_support\libbootloader_support.a(bootloader_utility.o)
                                 0x1c (size before relaxing)
 .literal.bootloader_utility_load_image
                0x4010001c        0x0 C:/8266/EST_TEST/hello_world/build/bootloader/bootloader_support\libbootloader_support.a(bootloader_utility.o)
                                  0x4 (size before relaxing)
 .literal.update_flash_config
                0x4010001c        0x4 C:/8266/EST_TEST/hello_world/build/bootloader/bootloader_support\libbootloader_support.a(bootloader_init.o)
                                  0x8 (size before relaxing)
 .literal.bootloader_main
                0x40100020        0x0 C:/8266/EST_TEST/hello_world/build/bootloader/bootloader_support\libbootloader_support.a(bootloader_init.o)
                                 0x10 (size before relaxing)
 .literal.bootloader_init
                0x40100020        0x8 C:/8266/EST_TEST/hello_world/build/bootloader/bootloader_support\libbootloader_support.a(bootloader_init.o)
                                 0x10 (size before relaxing)
 .literal.bootloader_flash_read_no_decrypt
                0x40100028        0x4 C:/8266/EST_TEST/hello_world/build/bootloader/bootloader_support\libbootloader_support.a(bootloader_flash.o)
 .literal.bootloader_mmap
                0x4010002c       0x24 C:/8266/EST_TEST/hello_world/build/bootloader/bootloader_support\libbootloader_support.a(bootloader_flash.o)
                                 0x28 (size before relaxing)
 .literal.bootloader_munmap
                0x40100050        0x0 C:/8266/EST_TEST/hello_world/build/bootloader/bootloader_support\libbootloader_support.a(bootloader_flash.o)
                                  0x8 (size before relaxing)
 .literal.bootloader_flash_read
                0x40100050        0x0 C:/8266/EST_TEST/hello_world/build/bootloader/bootloader_support\libbootloader_support.a(bootloader_flash.o)
                                  0x4 (size before relaxing)
 .literal.bootloader_read_flash_id
                0x40100050        0xc C:/8266/EST_TEST/hello_world/build/bootloader/bootloader_support\libbootloader_support.a(bootloader_flash.o)
                                 0x10 (size before relaxing)
 .literal.bootloader_execute_flash_command
                0x4010005c        0x0 C:/8266/EST_TEST/hello_world/build/bootloader/bootloader_support\libbootloader_support.a(bootloader_flash.o)
                                  0x8 (size before relaxing)
 .literal.bootloader_flash_read_sfdp
                0x4010005c        0x0 C:/8266/EST_TEST/hello_world/build/bootloader/bootloader_support\libbootloader_support.a(bootloader_flash.o)
                                  0x8 (size before relaxing)
 .literal.bootloader_flash_xmc_startup
                0x4010005c        0x4 C:/8266/EST_TEST/hello_world/build/bootloader/bootloader_support\libbootloader_support.a(bootloader_flash.o)
                                 0x2c (size before relaxing)
 .literal.verify_image_header
                0x40100060        0x4 C:/8266/EST_TEST/hello_world/build/bootloader/bootloader_support\libbootloader_support.a(esp_image_format.o)
 .literal.should_map
                0x40100064        0x8 C:/8266/EST_TEST/hello_world/build/bootloader/bootloader_support\libbootloader_support.a(esp_image_format.o)
 .literal.should_load
                0x4010006c        0x0 C:/8266/EST_TEST/hello_world/build/bootloader/bootloader_support\libbootloader_support.a(esp_image_format.o)
                                  0x4 (size before relaxing)
 .literal.process_segment_data
                0x4010006c        0x4 C:/8266/EST_TEST/hello_world/build/bootloader/bootloader_support\libbootloader_support.a(esp_image_format.o)
                                  0x8 (size before relaxing)
 .literal.verify_checksum
                0x40100070        0x0 C:/8266/EST_TEST/hello_world/build/bootloader/bootloader_support\libbootloader_support.a(esp_image_format.o)
                                  0x8 (size before relaxing)
 .literal.process_segment
                0x40100070        0x0 C:/8266/EST_TEST/hello_world/build/bootloader/bootloader_support\libbootloader_support.a(esp_image_format.o)
                                 0x14 (size before relaxing)
 .literal.esp_image_load
                0x40100070        0x4 C:/8266/EST_TEST/hello_world/build/bootloader/bootloader_support\libbootloader_support.a(esp_image_format.o)
                                 0x20 (size before relaxing)
 .literal.esp_partition_table_basic_verify
                0x40100074        0x8 C:/8266/EST_TEST/hello_world/build/bootloader/bootloader_support\libbootloader_support.a(flash_partitions.o)
                                 0x10 (size before relaxing)
 .literal.bootloader_common_ota_select_crc
                0x4010007c        0x0 C:/8266/EST_TEST/hello_world/build/bootloader/bootloader_support\libbootloader_support.a(bootloader_common.o)
                                  0x4 (size before relaxing)
 .literal.bootloader_common_ota_select_valid
                0x4010007c        0x0 C:/8266/EST_TEST/hello_world/build/bootloader/bootloader_support\libbootloader_support.a(bootloader_common.o)
                                  0x4 (size before relaxing)
 .literal.spi_user_cmd
                0x4010007c        0x4 C:/8266/EST_TEST/hello_world/build/bootloader/spi_flash\libspi_flash.a(spi_flash.o)
                                  0xc (size before relaxing)
 .literal.special_flash_read_status
                0x40100080        0x0 C:/8266/EST_TEST/hello_world/build/bootloader/spi_flash\libspi_flash.a(spi_flash.o)
                                  0x4 (size before relaxing)
 .literal.flash_gd25q32c_read_status
                0x40100080        0x0 C:/8266/EST_TEST/hello_world/build/bootloader/spi_flash\libspi_flash.a(spi_flash.o)
                                  0x4 (size before relaxing)
 .literal.special_flash_write_status
                0x40100080        0x0 C:/8266/EST_TEST/hello_world/build/bootloader/spi_flash\libspi_flash.a(spi_flash.o)
                                  0x8 (size before relaxing)
 .literal.spi_flash_enable_qio_bit6
                0x40100080        0x0 C:/8266/EST_TEST/hello_world/build/bootloader/spi_flash\libspi_flash.a(spi_flash.o)
                                  0x4 (size before relaxing)
 .literal.flash_gd25q32c_write_status
                0x40100080        0x0 C:/8266/EST_TEST/hello_world/build/bootloader/spi_flash\libspi_flash.a(spi_flash.o)
                                  0x4 (size before relaxing)
 .literal.flash_gd25q32c_enable_QIO_mode
                0x40100080        0x0 C:/8266/EST_TEST/hello_world/build/bootloader/spi_flash\libspi_flash.a(spi_flash.o)
                                  0xc (size before relaxing)
 .literal.en25q16x_read_sfdp
                0x40100080        0x4 C:/8266/EST_TEST/hello_world/build/bootloader/spi_flash\libspi_flash.a(spi_flash.o)
                                  0x8 (size before relaxing)
 .literal.spi_flash_get_id
                0x40100084        0x0 C:/8266/EST_TEST/hello_world/build/bootloader/spi_flash\libspi_flash.a(spi_flash.o)
                                  0xc (size before relaxing)
 .literal.spi_flash_read_status
                0x40100084        0x0 C:/8266/EST_TEST/hello_world/build/bootloader/spi_flash\libspi_flash.a(spi_flash.o)
                                  0xc (size before relaxing)
 .literal.spi_flash_issi_enable_QIO_mode
                0x40100084        0x0 C:/8266/EST_TEST/hello_world/build/bootloader/spi_flash\libspi_flash.a(spi_flash.o)
                                  0xc (size before relaxing)
 .literal.special_flash_set_mode
                0x40100084        0x0 C:/8266/EST_TEST/hello_world/build/bootloader/spi_flash\libspi_flash.a(spi_flash.o)
                                  0x8 (size before relaxing)
 .literal.en25q16x_write_volatile_status
                0x40100084        0x0 C:/8266/EST_TEST/hello_world/build/bootloader/spi_flash\libspi_flash.a(spi_flash.o)
                                 0x14 (size before relaxing)
 .literal.user_spi_flash_dio_to_qio_pre_init
                0x40100084       0x10 C:/8266/EST_TEST/hello_world/build/bootloader/spi_flash\libspi_flash.a(spi_flash.o)
                                 0x38 (size before relaxing)
 .literal.esp_spi_flash_init
                0x40100094       0x18 C:/8266/EST_TEST/hello_world/build/bootloader/spi_flash\libspi_flash.a(spi_flash.o)
                                 0x1c (size before relaxing)
 .literal.Cache_Read_Disable_2
                0x401000ac        0xc C:/8266/EST_TEST/hello_world/build/bootloader/spi_flash\libspi_flash.a(spi_flash_raw.o)
                                 0x10 (size before relaxing)
 .literal.Cache_Read_Enable_2
                0x401000b8        0x4 C:/8266/EST_TEST/hello_world/build/bootloader/spi_flash\libspi_flash.a(spi_flash_raw.o)
                                  0xc (size before relaxing)
 .literal.spi_flash_get_id_raw
                0x401000bc       0x10 C:/8266/EST_TEST/hello_world/build/bootloader/spi_flash\libspi_flash.a(spi_flash_raw.o)
                                 0x14 (size before relaxing)
 .literal.spi_flash_read_status_raw
                0x401000cc        0x4 C:/8266/EST_TEST/hello_world/build/bootloader/spi_flash\libspi_flash.a(spi_flash_raw.o)
                                  0xc (size before relaxing)
 .literal.spi_flash_enable_qmode_raw
                0x401000d0        0x4 C:/8266/EST_TEST/hello_world/build/bootloader/spi_flash\libspi_flash.a(spi_flash_raw.o)
                                 0x10 (size before relaxing)
 .literal.spi_user_cmd_raw
                0x401000d4       0x64 C:/8266/EST_TEST/hello_world/build/bootloader/spi_flash\libspi_flash.a(spi_flash_raw.o)
                                 0x84 (size before relaxing)
 .literal.spi_flash_switch_to_qio_raw
                0x40100138        0x8 C:/8266/EST_TEST/hello_world/build/bootloader/spi_flash\libspi_flash.a(spi_flash_raw.o)
                                  0xc (size before relaxing)
 .literal.crc32_le
                0x40100140        0x4 C:/8266/EST_TEST/hello_world/build/bootloader/esp8266\libesp8266.a(crc.o)
 .text.selected_boot_partition
                0x40100144        0xf C:/8266/EST_TEST/hello_world/build/bootloader/main\libmain.a(bootloader_start.o)
                                 0x13 (size before relaxing)
 *fill*         0x40100153        0x1 
 .text.select_image
                0x40100154       0x57 C:/8266/EST_TEST/hello_world/build/bootloader/main\libmain.a(bootloader_start.o)
                                 0x63 (size before relaxing)
 *fill*         0x401001ab        0x1 
 .text.call_start_cpu
                0x401001ac       0x2a C:/8266/EST_TEST/hello_world/build/bootloader/main\libmain.a(bootloader_start.o)
                                 0x32 (size before relaxing)
                0x401001ac                call_start_cpu
 *fill*         0x401001d6        0x2 
 .text.bootloader_utility_start_image
                0x401001d8       0x20 C:/8266/EST_TEST/hello_world/build/bootloader/bootloader_support\libbootloader_support.a(bootloader_utility.o)
                                 0x24 (size before relaxing)
 .text.try_load_partition
                0x401001f8       0x2a C:/8266/EST_TEST/hello_world/build/bootloader/bootloader_support\libbootloader_support.a(bootloader_utility.o)
 *fill*         0x40100222        0x2 
 .text.bootloader_utility_load_partition_table
                0x40100224       0xce C:/8266/EST_TEST/hello_world/build/bootloader/bootloader_support\libbootloader_support.a(bootloader_utility.o)
                                 0xd2 (size before relaxing)
                0x40100224                bootloader_utility_load_partition_table
 *fill*         0x401002f2        0x2 
 .text.bootloader_utility_get_selected_boot_partition
                0x401002f4       0xd7 C:/8266/EST_TEST/hello_world/build/bootloader/bootloader_support\libbootloader_support.a(bootloader_utility.o)
                                 0xe3 (size before relaxing)
                0x401002f4                bootloader_utility_get_selected_boot_partition
 *fill*         0x401003cb        0x1 
 .text.bootloader_utility_load_boot_image
                0x401003cc       0xa3 C:/8266/EST_TEST/hello_world/build/bootloader/bootloader_support\libbootloader_support.a(bootloader_utility.o)
                                 0xb3 (size before relaxing)
                0x401003cc                bootloader_utility_load_boot_image
 *fill*         0x4010046f        0x1 
 .text.bootloader_utility_load_image
                0x40100470       0x19 C:/8266/EST_TEST/hello_world/build/bootloader/bootloader_support\libbootloader_support.a(bootloader_utility.o)
                0x40100470                bootloader_utility_load_image
 *fill*         0x40100489        0x3 
 .text.update_flash_config
                0x4010048c       0x21 C:/8266/EST_TEST/hello_world/build/bootloader/bootloader_support\libbootloader_support.a(bootloader_init.o)
 *fill*         0x401004ad        0x3 
 .text.bootloader_main
                0x401004b0       0x3e C:/8266/EST_TEST/hello_world/build/bootloader/bootloader_support\libbootloader_support.a(bootloader_init.o)
                                 0x4a (size before relaxing)
 *fill*         0x401004ee        0x2 
 .text.bootloader_init
                0x401004f0       0x25 C:/8266/EST_TEST/hello_world/build/bootloader/bootloader_support\libbootloader_support.a(bootloader_init.o)
                                 0x29 (size before relaxing)
                0x401004f0                bootloader_init
 *fill*         0x40100515        0x3 
 .text.bootloader_flash_read_no_decrypt
                0x40100518       0x15 C:/8266/EST_TEST/hello_world/build/bootloader/bootloader_support\libbootloader_support.a(bootloader_flash.o)
 *fill*         0x4010052d        0x3 
 .text.bootloader_mmap
                0x40100530       0x8b C:/8266/EST_TEST/hello_world/build/bootloader/bootloader_support\libbootloader_support.a(bootloader_flash.o)
                0x40100530                bootloader_mmap
 *fill*         0x401005bb        0x1 
 .text.bootloader_munmap
                0x401005bc       0x23 C:/8266/EST_TEST/hello_world/build/bootloader/bootloader_support\libbootloader_support.a(bootloader_flash.o)
                0x401005bc                bootloader_munmap
 *fill*         0x401005df        0x1 
 .text.bootloader_flash_read
                0x401005e0       0x2f C:/8266/EST_TEST/hello_world/build/bootloader/bootloader_support\libbootloader_support.a(bootloader_flash.o)
                                 0x33 (size before relaxing)
                0x401005e0                bootloader_flash_read
 *fill*         0x4010060f        0x1 
 .text.bootloader_read_flash_id
                0x40100610       0x2d C:/8266/EST_TEST/hello_world/build/bootloader/bootloader_support\libbootloader_support.a(bootloader_flash.o)
                0x40100610                bootloader_read_flash_id
 *fill*         0x4010063d        0x3 
 .text.bootloader_execute_flash_command
                0x40100640       0x33 C:/8266/EST_TEST/hello_world/build/bootloader/bootloader_support\libbootloader_support.a(bootloader_flash.o)
                0x40100640                bootloader_execute_flash_command
 *fill*         0x40100673        0x1 
 .text.bootloader_flash_read_sfdp
                0x40100674       0x45 C:/8266/EST_TEST/hello_world/build/bootloader/bootloader_support\libbootloader_support.a(bootloader_flash.o)
                0x40100674                bootloader_flash_read_sfdp
 *fill*         0x401006b9        0x3 
 .text.bootloader_flash_xmc_startup
                0x401006bc       0x7f C:/8266/EST_TEST/hello_world/build/bootloader/bootloader_support\libbootloader_support.a(bootloader_flash.o)
                                 0x9b (size before relaxing)
                0x401006bc                bootloader_flash_xmc_startup
 *fill*         0x4010073b        0x1 
 .text.verify_image_header
                0x4010073c       0x15 C:/8266/EST_TEST/hello_world/build/bootloader/bootloader_support\libbootloader_support.a(esp_image_format.o)
 *fill*         0x40100751        0x3 
 .text.should_map
                0x40100754       0x15 C:/8266/EST_TEST/hello_world/build/bootloader/bootloader_support\libbootloader_support.a(esp_image_format.o)
 *fill*         0x40100769        0x3 
 .text.should_load
                0x4010076c       0x19 C:/8266/EST_TEST/hello_world/build/bootloader/bootloader_support\libbootloader_support.a(esp_image_format.o)
                                 0x1d (size before relaxing)
 *fill*         0x40100785        0x3 
 .text.process_segment_data
                0x40100788       0x70 C:/8266/EST_TEST/hello_world/build/bootloader/bootloader_support\libbootloader_support.a(esp_image_format.o)
 .text.verify_checksum
                0x401007f8       0x71 C:/8266/EST_TEST/hello_world/build/bootloader/bootloader_support\libbootloader_support.a(esp_image_format.o)
                                 0x75 (size before relaxing)
 *fill*         0x40100869        0x3 
 .text.process_segment
                0x4010086c       0xa1 C:/8266/EST_TEST/hello_world/build/bootloader/bootloader_support\libbootloader_support.a(esp_image_format.o)
                                 0xa9 (size before relaxing)
 *fill*         0x4010090d        0x3 
 .text.esp_image_load
                0x40100910      0x13d C:/8266/EST_TEST/hello_world/build/bootloader/bootloader_support\libbootloader_support.a(esp_image_format.o)
                                0x145 (size before relaxing)
                0x40100910                esp_image_load
 *fill*         0x40100a4d        0x3 
 .text.esp_partition_table_basic_verify
                0x40100a50       0x8d C:/8266/EST_TEST/hello_world/build/bootloader/bootloader_support\libbootloader_support.a(flash_partitions.o)
                0x40100a50                esp_partition_table_basic_verify
 *fill*         0x40100add        0x3 
 .text.bootloader_common_ota_select_crc
                0x40100ae0       0x18 C:/8266/EST_TEST/hello_world/build/bootloader/bootloader_support\libbootloader_support.a(bootloader_common.o)
                0x40100ae0                bootloader_common_ota_select_crc
 .text.bootloader_common_ota_select_valid
                0x40100af8       0x2c C:/8266/EST_TEST/hello_world/build/bootloader/bootloader_support\libbootloader_support.a(bootloader_common.o)
                0x40100af8                bootloader_common_ota_select_valid
 .text.spi_user_cmd
                0x40100b24       0x4d C:/8266/EST_TEST/hello_world/build/bootloader/spi_flash\libspi_flash.a(spi_flash.o)
                0x40100b24                spi_user_cmd
 *fill*         0x40100b71        0x3 
 .text.special_flash_read_status
                0x40100b74       0x39 C:/8266/EST_TEST/hello_world/build/bootloader/spi_flash\libspi_flash.a(spi_flash.o)
                                 0x3d (size before relaxing)
                0x40100b74                special_flash_read_status
 *fill*         0x40100bad        0x3 
 .text.flash_gd25q32c_read_status
                0x40100bb0       0x33 C:/8266/EST_TEST/hello_world/build/bootloader/spi_flash\libspi_flash.a(spi_flash.o)
 *fill*         0x40100be3        0x1 
 .text.special_flash_write_status
                0x40100be4       0x5c C:/8266/EST_TEST/hello_world/build/bootloader/spi_flash\libspi_flash.a(spi_flash.o)
                                 0x60 (size before relaxing)
                0x40100be4                special_flash_write_status
 .text.spi_flash_enable_qio_bit6
                0x40100c40       0x17 C:/8266/EST_TEST/hello_world/build/bootloader/spi_flash\libspi_flash.a(spi_flash.o)
                                 0x1b (size before relaxing)
 *fill*         0x40100c57        0x1 
 .text.flash_gd25q32c_write_status
                0x40100c58       0x30 C:/8266/EST_TEST/hello_world/build/bootloader/spi_flash\libspi_flash.a(spi_flash.o)
 .text.flash_gd25q32c_enable_QIO_mode
                0x40100c88       0x3e C:/8266/EST_TEST/hello_world/build/bootloader/spi_flash\libspi_flash.a(spi_flash.o)
                                 0x46 (size before relaxing)
 *fill*         0x40100cc6        0x2 
 .text.en25q16x_read_sfdp
                0x40100cc8       0x43 C:/8266/EST_TEST/hello_world/build/bootloader/spi_flash\libspi_flash.a(spi_flash.o)
                0x40100cc8                en25q16x_read_sfdp
 *fill*         0x40100d0b        0x1 
 .text.spi_flash_get_id
                0x40100d0c       0x26 C:/8266/EST_TEST/hello_world/build/bootloader/spi_flash\libspi_flash.a(spi_flash.o)
                0x40100d0c                spi_flash_get_id
 *fill*         0x40100d32        0x2 
 .text.spi_flash_read_status
                0x40100d34       0x28 C:/8266/EST_TEST/hello_world/build/bootloader/spi_flash\libspi_flash.a(spi_flash.o)
                0x40100d34                spi_flash_read_status
 .text.spi_flash_issi_enable_QIO_mode
                0x40100d5c       0x43 C:/8266/EST_TEST/hello_world/build/bootloader/spi_flash\libspi_flash.a(spi_flash.o)
                                 0x4b (size before relaxing)
 *fill*         0x40100d9f        0x1 
 .text.special_flash_set_mode
                0x40100da0       0x41 C:/8266/EST_TEST/hello_world/build/bootloader/spi_flash\libspi_flash.a(spi_flash.o)
                                 0x45 (size before relaxing)
                0x40100da0                special_flash_set_mode
 *fill*         0x40100de1        0x3 
 .text.en25q16x_write_volatile_status
                0x40100de4       0x4f C:/8266/EST_TEST/hello_world/build/bootloader/spi_flash\libspi_flash.a(spi_flash.o)
                                 0x5b (size before relaxing)
                0x40100de4                en25q16x_write_volatile_status
 *fill*         0x40100e33        0x1 
 .text.user_spi_flash_dio_to_qio_pre_init
                0x40100e34       0xa3 C:/8266/EST_TEST/hello_world/build/bootloader/spi_flash\libspi_flash.a(spi_flash.o)
                                 0xb2 (size before relaxing)
                0x40100e34                user_spi_flash_dio_to_qio_pre_init
 *fill*         0x40100ed7        0x1 
 .text.esp_spi_flash_init
                0x40100ed8       0xb1 C:/8266/EST_TEST/hello_world/build/bootloader/spi_flash\libspi_flash.a(spi_flash.o)
                0x40100ed8                esp_spi_flash_init
 *fill*         0x40100f89        0x3 
 .text.Cache_Read_Disable_2
                0x40100f8c       0x34 C:/8266/EST_TEST/hello_world/build/bootloader/spi_flash\libspi_flash.a(spi_flash_raw.o)
                0x40100f8c                Cache_Read_Disable_2
 .text.Cache_Read_Enable_2
                0x40100fc0       0x28 C:/8266/EST_TEST/hello_world/build/bootloader/spi_flash\libspi_flash.a(spi_flash_raw.o)
                0x40100fc0                Cache_Read_Enable_2
                0x40100fc0                Cache_Read_Enable_New
 .text.spi_flash_get_id_raw
                0x40100fe8       0x41 C:/8266/EST_TEST/hello_world/build/bootloader/spi_flash\libspi_flash.a(spi_flash_raw.o)
                0x40100fe8                spi_flash_get_id_raw
 *fill*         0x40101029        0x3 
 .text.spi_flash_read_status_raw
                0x4010102c       0x2f C:/8266/EST_TEST/hello_world/build/bootloader/spi_flash\libspi_flash.a(spi_flash_raw.o)
                                 0x33 (size before relaxing)
                0x4010102c                spi_flash_read_status_raw
 *fill*         0x4010105b        0x1 
 .text.spi_flash_enable_qmode_raw
                0x4010105c       0x33 C:/8266/EST_TEST/hello_world/build/bootloader/spi_flash\libspi_flash.a(spi_flash_raw.o)
                                 0x37 (size before relaxing)
                0x4010105c                spi_flash_enable_qmode_raw
 *fill*         0x4010108f        0x1 
 .text.spi_user_cmd_raw
                0x40101090      0x3d1 C:/8266/EST_TEST/hello_world/build/bootloader/spi_flash\libspi_flash.a(spi_flash_raw.o)
                0x40101090                spi_user_cmd_raw
 *fill*         0x40101461        0x3 
 .text.spi_flash_switch_to_qio_raw
                0x40101464       0x25 C:/8266/EST_TEST/hello_world/build/bootloader/spi_flash\libspi_flash.a(spi_flash_raw.o)
                0x40101464                spi_flash_switch_to_qio_raw
 *fill*         0x40101489        0x3 
 .text.crc32_le
                0x4010148c       0x31 C:/8266/EST_TEST/hello_world/build/bootloader/esp8266\libesp8266.a(crc.o)
                0x4010148c                crc32_le
 *fill*         0x401014bd        0x3 
 .text.phy_reg_default
                0x401014c0       0x36 C:/msys32/home/admin/esp/components/esp8266/lib\libcore.a(phy.o)
                0x401014d0                phy_reg_default
 *fill*         0x401014f6        0x0 
 *fill*         0x401014f6        0x0 
 *fill*         0x401014f6        0x2 
 .text.index_to_partition
                0x401014f8       0x4d C:/8266/EST_TEST/hello_world/build/bootloader/bootloader_support\libbootloader_support.a(bootloader_utility.o)
 *fill*         0x40101545        0x0 
 *fill*         0x40101545        0x0 
 *fill*         0x40101545        0x0 
 *fill*         0x40101545        0x0 
 *fill*         0x40101545        0x0 
 *fill*         0x40101545        0x0 
 *fill*         0x40101545        0x0 
 *fill*         0x40101545        0x0 
 *fill*         0x40101545        0x3 
 .text.is_xmc_chip_strict
                0x40101548       0x58 C:/8266/EST_TEST/hello_world/build/bootloader/bootloader_support\libbootloader_support.a(bootloader_flash.o)
 *fill*         0x401015a0        0x0 
 *fill*         0x401015a0        0x0 
 *fill*         0x401015a0        0x0 
 *fill*         0x401015a0        0x0 
 *fill*         0x401015a0        0x0 
 *fill*         0x401015a0        0x0 
 *fill*         0x401015a0        0x0 
 *fill*         0x401015a0        0x0 
 *fill*         0x401015a0        0x0 
 .text.verify_segment_header
                0x401015a0        0x4 C:/8266/EST_TEST/hello_world/build/bootloader/bootloader_support\libbootloader_support.a(esp_image_format.o)
 *fill*         0x401015a4        0x0 
 *fill*         0x401015a4        0x0 
 *fill*         0x401015a4        0x0 
 *fill*         0x401015a4        0x0 
 *fill*         0x401015a4        0x0 
 *fill*         0x401015a4        0x0 
 *fill*         0x401015a4        0x0 
 *fill*         0x401015a4        0x0 
 *fill*         0x401015a4        0x0 
 *fill*         0x401015a4        0x0 
 *fill*         0x401015a4        0x0 
 *fill*         0x401015a4        0x0 
 *fill*         0x401015a4        0x0 
 *fill*         0x401015a4        0x0 
 *fill*         0x401015a4        0x0 
 *fill*         0x401015a4        0x0 
 *fill*         0x401015a4        0x0 
 *fill*         0x401015a4        0x0 
 *fill*         0x401015a4        0x0 
 *fill*         0x401015a4        0x0 
 *fill*         0x401015a4        0x0 
 *fill*         0x401015a4        0x0 
 *fill*         0x401015a4        0x0 
 *fill*         0x401015a4        0x0 
 *(.iram1 .iram1.*)
 *(.fini.literal)
 *(.fini)
 *(.gnu.version)
                0x401015a4                _text_end = ABSOLUTE (.)
                0x401015a4                _etext = .

.bss            0x3ffe8000      0x408
                0x3ffe8000                . = ALIGN (0x8)
                0x3ffe8000                _bss_start = ABSOLUTE (.)
 *(.dynsbss)
 *(.sbss)
 *(.sbss.*)
 *(.gnu.linkonce.sb.*)
 *(.scommon)
 *(.sbss2)
 *(.sbss2.*)
 *(.gnu.linkonce.sb2.*)
 *(.dynbss)
 *(.bss)
 *(.bss.*)
 .bss.mapped    0x3ffe8000        0x1 C:/8266/EST_TEST/hello_world/build/bootloader/bootloader_support\libbootloader_support.a(bootloader_flash.o)
 *fill*         0x3ffe8001        0x3 
 .bss.pbuf$3628
                0x3ffe8004      0x400 C:/8266/EST_TEST/hello_world/build/bootloader/bootloader_support\libbootloader_support.a(esp_image_format.o)
 .bss.FlashIsOnGoing
                0x3ffe8404        0x1 C:/8266/EST_TEST/hello_world/build/bootloader/spi_flash\libspi_flash.a(spi_flash.o)
                0x3ffe8404                FlashIsOnGoing
 *(.gnu.linkonce.b.*)
 *(COMMON)
                0x3ffe8408                . = ALIGN (0x8)
 *fill*         0x3ffe8405        0x3 
                0x3ffe8408                _bss_end = ABSOLUTE (.)

.data           0x3ffe8408       0x18
                0x3ffe8408                _data_start = ABSOLUTE (.)
 *(.data)
 *(.data.*)
 .data.g_rom_flashchip
                0x3ffe8408       0x18 C:/8266/EST_TEST/hello_world/build/bootloader/spi_flash\libspi_flash.a(spi_flash.o)
                0x3ffe8408                g_rom_flashchip
 *(.gnu.linkonce.d.*)
 *(.data1)
 *(.sdata)
 *(.sdata.*)
 *(.gnu.linkonce.s.*)
 *(.sdata2)
 *(.sdata2.*)
 *(.gnu.linkonce.s2.*)
 *(.jcr)
                0x3ffe8420                _data_end = ABSOLUTE (.)

.rodata         0x3ffe8420      0x400
                0x3ffe8420                _rodata_start = ABSOLUTE (.)
 *(.rodata)
 *(.rodata.*)
 .rodata.crc32_le_table
                0x3ffe8420      0x400 C:/8266/EST_TEST/hello_world/build/bootloader/esp8266\libesp8266.a(crc.o)
 *(.gnu.linkonce.r.*)
 *(.rodata1)
                0x3ffe8820                __XT_EXCEPTION_TABLE_ = ABSOLUTE (.)
 *(.xt_except_table)
 *(.gcc_except_table)
 *(.gnu.linkonce.e.*)
 *(.gnu.version_r)
 *(.eh_frame)
                0x3ffe8820                . = ((. + 0x3) & 0xfffffffc)
                0x3ffe8820                __init_array_start = ABSOLUTE (.)
 *crtbegin.o(.ctors)
 *(EXCLUDE_FILE(*crtend.o) .ctors)
 *(SORT_BY_NAME(.ctors.*))
 *(.ctors)
                0x3ffe8820                __init_array_end = ABSOLUTE (.)
 *crtbegin.o(.dtors)
 *(EXCLUDE_FILE(*crtend.o) .dtors)
 *(SORT_BY_NAME(.dtors.*))
 *(.dtors)
                0x3ffe8820                __XT_EXCEPTION_DESCS_ = ABSOLUTE (.)
 *(.xt_except_desc)
 *(.gnu.linkonce.h.*)
                0x3ffe8820                __XT_EXCEPTION_DESCS_END__ = ABSOLUTE (.)
 *(.xt_except_desc_end)
 *(.dynamic)
 *(.gnu.version_d)
                0x3ffe8820                _rodata_end = ABSOLUTE (.)
                0x3ffe8820                _lit4_start = ABSOLUTE (.)
 *(*.lit4)
 *(.lit4.*)
 *(.gnu.linkonce.lit4.*)
                0x3ffe8820                _lit4_end = ABSOLUTE (.)
                0x3ffe8820                . = ALIGN (0x4)
                0x3ffe8820                _heap_start = ABSOLUTE (.)
                0x60001100                PROVIDE (rtc_sys_info = 0x60001100)
                0x400040c0                PROVIDE (SPI_sector_erase = 0x400040c0)
                0x40004174                PROVIDE (SPI_page_program = 0x40004174)
                0x400042ac                PROVIDE (SPI_read_data = 0x400042ac)
                0x400043c8                PROVIDE (SPI_read_status = 0x400043c8)
                0x40004400                PROVIDE (SPI_write_status = 0x40004400)
                0x4000443c                PROVIDE (SPI_write_enable = 0x4000443c)
                0x4000448c                PROVIDE (Wait_SPI_Idle = 0x4000448c)
                0x400044c0                PROVIDE (Enable_QMode = 0x400044c0)
                [!provide]                PROVIDE (Disable_QMode = 0x40004508)
                0x40004678                PROVIDE (Cache_Read_Enable = 0x40004678)
                0x400047f0                PROVIDE (Cache_Read_Disable = 0x400047f0)
                [!provide]                PROVIDE (lldesc_build_chain = 0x40004f40)
                [!provide]                PROVIDE (lldesc_num2link = 0x40005050)
                [!provide]                PROVIDE (lldesc_set_owner = 0x4000507c)
                0x4000c538                __adddf3 = 0x4000c538
                0x4000c180                __addsf3 = 0x4000c180
                0x4000cb94                __divdf3 = 0x4000cb94
                0x4000ce60                __divdi3 = 0x4000ce60
                0x4000dc88                __divsi3 = 0x4000dc88
                0x4000cdfc                __extendsfdf2 = 0x4000cdfc
                0x4000ccb8                __fixdfsi = 0x4000ccb8
                0x4000cd00                __fixunsdfsi = 0x4000cd00
                0x4000c4c4                __fixunssfsi = 0x4000c4c4
                0x4000e2f0                __floatsidf = 0x4000e2f0
                0x4000e2ac                __floatsisf = 0x4000e2ac
                0x4000e2e8                __floatunsidf = 0x4000e2e8
                0x4000e2a4                __floatunsisf = 0x4000e2a4
                0x4000c8f0                __muldf3 = 0x4000c8f0
                0x40000650                __muldi3 = 0x40000650
                0x4000c3dc                __mulsf3 = 0x4000c3dc
                0x4000c688                __subdf3 = 0x4000c688
                0x4000c268                __subsf3 = 0x4000c268
                0x4000cd5c                __truncdfsf2 = 0x4000cd5c
                0x4000d310                __udivdi3 = 0x4000d310
                0x4000e21c                __udivsi3 = 0x4000e21c
                0x4000d770                __umoddi3 = 0x4000d770
                0x4000e268                __umodsi3 = 0x4000e268
                0x4000dcf0                __umulsidi3 = 0x4000dcf0
                0x4000de84                bzero = 0x4000de84
                0x4000dea8                memcmp = 0x4000dea8
                0x4000df48                memcpy = 0x4000df48
                0x4000e04c                memmove = 0x4000e04c
                0x4000e190                memset = 0x4000e190
                0x4000bdc8                strcmp = 0x4000bdc8
                0x4000bec8                strcpy = 0x4000bec8
                0x4000bf4c                strlen = 0x4000bf4c
                0x4000bfa8                strncmp = 0x4000bfa8
                0x4000c0a0                strncpy = 0x4000c0a0
                0x4000e1e0                strstr = 0x4000e1e0
                0x40004cf0                PROVIDE (gpio_input_get = 0x40004cf0)
                [!provide]                PROVIDE (gpio_pin_wakeup_disable = 0x40004ed4)
                [!provide]                PROVIDE (gpio_pin_wakeup_enable = 0x40004e90)
                0x40001f00                PROVIDE (ets_io_vprintf = 0x40001f00)
                [!provide]                PROVIDE (uart_rx_one_char = 0x40003b8c)
                [!provide]                PROVIDE (rom_i2c_readReg = 0x40007268)
                [!provide]                PROVIDE (rom_i2c_readReg_Mask = 0x4000729c)
                [!provide]                PROVIDE (rom_i2c_writeReg = 0x400072d8)
                [!provide]                PROVIDE (rom_i2c_writeReg_Mask = 0x4000730c)
                [!provide]                PROVIDE (rom_software_reboot = 0x40000080)
                [!provide]                PROVIDE (ets_memcpy = 0x400018b4)
                0x40004b1c                PROVIDE (SPIRead = 0x40004b1c)
                0x40004a4c                PROVIDE (SPIWrite = 0x40004a4c)
                0x40004a00                PROVIDE (SPIEraseSector = 0x40004a00)
                [!provide]                PROVIDE (gpio_input_get = 0x40004cf0)
                [!provide]                PROVIDE (xthal_get_ccount = 0x4000dd38)
                [!provide]                PROVIDE (uart_div_modify = 0x400039d8)
                [!provide]                PROVIDE (ets_io_vprintf = 0x40001f00)
                0x40002ecc                PROVIDE (ets_rom_delay_us = 0x40002ecc)
OUTPUT(C:/8266/EST_TEST/hello_world/build/bootloader/bootloader.elf elf32-xtensa-le)

.debug_frame    0x00000000      0xa38
 .debug_frame   0x00000000       0x74 C:/8266/EST_TEST/hello_world/build/bootloader/main\libmain.a(bootloader_start.o)
 .debug_frame   0x00000074      0x11c C:/8266/EST_TEST/hello_world/build/bootloader/bootloader_support\libbootloader_support.a(bootloader_utility.o)
 .debug_frame   0x00000190       0x70 C:/8266/EST_TEST/hello_world/build/bootloader/bootloader_support\libbootloader_support.a(bootloader_init.o)
 .debug_frame   0x00000200      0x16c C:/8266/EST_TEST/hello_world/build/bootloader/bootloader_support\libbootloader_support.a(bootloader_flash.o)
 .debug_frame   0x0000036c      0x124 C:/8266/EST_TEST/hello_world/build/bootloader/bootloader_support\libbootloader_support.a(esp_image_format.o)
 .debug_frame   0x00000490       0x38 C:/8266/EST_TEST/hello_world/build/bootloader/bootloader_support\libbootloader_support.a(flash_partitions.o)
 .debug_frame   0x000004c8       0x74 C:/8266/EST_TEST/hello_world/build/bootloader/bootloader_support\libbootloader_support.a(bootloader_common.o)
 .debug_frame   0x0000053c      0x350 C:/8266/EST_TEST/hello_world/build/bootloader/spi_flash\libspi_flash.a(spi_flash.o)
 .debug_frame   0x0000088c      0x16c C:/8266/EST_TEST/hello_world/build/bootloader/spi_flash\libspi_flash.a(spi_flash_raw.o)
 .debug_frame   0x000009f8       0x40 C:/8266/EST_TEST/hello_world/build/bootloader/esp8266\libesp8266.a(crc.o)

.debug_info     0x00000000     0xa4f5
 .debug_info    0x00000000      0xdad C:/8266/EST_TEST/hello_world/build/bootloader/main\libmain.a(bootloader_start.o)
 .debug_info    0x00000dad     0x1490 C:/8266/EST_TEST/hello_world/build/bootloader/bootloader_support\libbootloader_support.a(bootloader_utility.o)
 .debug_info    0x0000223d      0xd10 C:/8266/EST_TEST/hello_world/build/bootloader/bootloader_support\libbootloader_support.a(bootloader_init.o)
 .debug_info    0x00002f4d     0x11b5 C:/8266/EST_TEST/hello_world/build/bootloader/bootloader_support\libbootloader_support.a(bootloader_flash.o)
 .debug_info    0x00004102     0x1445 C:/8266/EST_TEST/hello_world/build/bootloader/bootloader_support\libbootloader_support.a(esp_image_format.o)
 .debug_info    0x00005547      0xc11 C:/8266/EST_TEST/hello_world/build/bootloader/bootloader_support\libbootloader_support.a(flash_partitions.o)
 .debug_info    0x00006158     0x12b3 C:/8266/EST_TEST/hello_world/build/bootloader/bootloader_support\libbootloader_support.a(bootloader_common.o)
 .debug_info    0x0000740b     0x1e0d C:/8266/EST_TEST/hello_world/build/bootloader/spi_flash\libspi_flash.a(spi_flash.o)
 .debug_info    0x00009218     0x1096 C:/8266/EST_TEST/hello_world/build/bootloader/spi_flash\libspi_flash.a(spi_flash_raw.o)
 .debug_info    0x0000a2ae      0x247 C:/8266/EST_TEST/hello_world/build/bootloader/esp8266\libesp8266.a(crc.o)

.debug_abbrev   0x00000000     0x1c9f
 .debug_abbrev  0x00000000      0x2ee C:/8266/EST_TEST/hello_world/build/bootloader/main\libmain.a(bootloader_start.o)
 .debug_abbrev  0x000002ee      0x37e C:/8266/EST_TEST/hello_world/build/bootloader/bootloader_support\libbootloader_support.a(bootloader_utility.o)
 .debug_abbrev  0x0000066c      0x312 C:/8266/EST_TEST/hello_world/build/bootloader/bootloader_support\libbootloader_support.a(bootloader_init.o)
 .debug_abbrev  0x0000097e      0x308 C:/8266/EST_TEST/hello_world/build/bootloader/bootloader_support\libbootloader_support.a(bootloader_flash.o)
 .debug_abbrev  0x00000c86      0x323 C:/8266/EST_TEST/hello_world/build/bootloader/bootloader_support\libbootloader_support.a(esp_image_format.o)
 .debug_abbrev  0x00000fa9      0x256 C:/8266/EST_TEST/hello_world/build/bootloader/bootloader_support\libbootloader_support.a(flash_partitions.o)
 .debug_abbrev  0x000011ff      0x2c7 C:/8266/EST_TEST/hello_world/build/bootloader/bootloader_support\libbootloader_support.a(bootloader_common.o)
 .debug_abbrev  0x000014c6      0x45b C:/8266/EST_TEST/hello_world/build/bootloader/spi_flash\libspi_flash.a(spi_flash.o)
 .debug_abbrev  0x00001921      0x29f C:/8266/EST_TEST/hello_world/build/bootloader/spi_flash\libspi_flash.a(spi_flash_raw.o)
 .debug_abbrev  0x00001bc0       0xdf C:/8266/EST_TEST/hello_world/build/bootloader/esp8266\libesp8266.a(crc.o)

.debug_loc      0x00000000     0x34bb
 .debug_loc     0x00000000       0x9b C:/8266/EST_TEST/hello_world/build/bootloader/main\libmain.a(bootloader_start.o)
 .debug_loc     0x0000009b      0x663 C:/8266/EST_TEST/hello_world/build/bootloader/bootloader_support\libbootloader_support.a(bootloader_utility.o)
 .debug_loc     0x000006fe       0x47 C:/8266/EST_TEST/hello_world/build/bootloader/bootloader_support\libbootloader_support.a(bootloader_init.o)
 .debug_loc     0x00000745      0x735 C:/8266/EST_TEST/hello_world/build/bootloader/bootloader_support\libbootloader_support.a(bootloader_flash.o)
 .debug_loc     0x00000e7a      0x99e C:/8266/EST_TEST/hello_world/build/bootloader/bootloader_support\libbootloader_support.a(esp_image_format.o)
 .debug_loc     0x00001818       0xfc C:/8266/EST_TEST/hello_world/build/bootloader/bootloader_support\libbootloader_support.a(flash_partitions.o)
 .debug_loc     0x00001914      0x18f C:/8266/EST_TEST/hello_world/build/bootloader/bootloader_support\libbootloader_support.a(bootloader_common.o)
 .debug_loc     0x00001aa3     0x11ff C:/8266/EST_TEST/hello_world/build/bootloader/spi_flash\libspi_flash.a(spi_flash.o)
 .debug_loc     0x00002ca2      0x663 C:/8266/EST_TEST/hello_world/build/bootloader/spi_flash\libspi_flash.a(spi_flash_raw.o)
 .debug_loc     0x00003305      0x1b6 C:/8266/EST_TEST/hello_world/build/bootloader/esp8266\libesp8266.a(crc.o)

.debug_aranges  0x00000000      0x360
 .debug_aranges
                0x00000000       0x30 C:/8266/EST_TEST/hello_world/build/bootloader/main\libmain.a(bootloader_start.o)
 .debug_aranges
                0x00000030       0x58 C:/8266/EST_TEST/hello_world/build/bootloader/bootloader_support\libbootloader_support.a(bootloader_utility.o)
 .debug_aranges
                0x00000088       0x30 C:/8266/EST_TEST/hello_world/build/bootloader/bootloader_support\libbootloader_support.a(bootloader_init.o)
 .debug_aranges
                0x000000b8       0x70 C:/8266/EST_TEST/hello_world/build/bootloader/bootloader_support\libbootloader_support.a(bootloader_flash.o)
 .debug_aranges
                0x00000128       0x60 C:/8266/EST_TEST/hello_world/build/bootloader/bootloader_support\libbootloader_support.a(esp_image_format.o)
 .debug_aranges
                0x00000188       0x20 C:/8266/EST_TEST/hello_world/build/bootloader/bootloader_support\libbootloader_support.a(flash_partitions.o)
 .debug_aranges
                0x000001a8       0x30 C:/8266/EST_TEST/hello_world/build/bootloader/bootloader_support\libbootloader_support.a(bootloader_common.o)
 .debug_aranges
                0x000001d8       0xe8 C:/8266/EST_TEST/hello_world/build/bootloader/spi_flash\libspi_flash.a(spi_flash.o)
 .debug_aranges
                0x000002c0       0x70 C:/8266/EST_TEST/hello_world/build/bootloader/spi_flash\libspi_flash.a(spi_flash_raw.o)
 .debug_aranges
                0x00000330       0x30 C:/8266/EST_TEST/hello_world/build/bootloader/esp8266\libesp8266.a(crc.o)

.debug_ranges   0x00000000      0x338
 .debug_ranges  0x00000000       0x20 C:/8266/EST_TEST/hello_world/build/bootloader/main\libmain.a(bootloader_start.o)
 .debug_ranges  0x00000020       0x60 C:/8266/EST_TEST/hello_world/build/bootloader/bootloader_support\libbootloader_support.a(bootloader_utility.o)
 .debug_ranges  0x00000080       0x20 C:/8266/EST_TEST/hello_world/build/bootloader/bootloader_support\libbootloader_support.a(bootloader_init.o)
 .debug_ranges  0x000000a0       0x60 C:/8266/EST_TEST/hello_world/build/bootloader/bootloader_support\libbootloader_support.a(bootloader_flash.o)
 .debug_ranges  0x00000100       0x68 C:/8266/EST_TEST/hello_world/build/bootloader/bootloader_support\libbootloader_support.a(esp_image_format.o)
 .debug_ranges  0x00000168       0x40 C:/8266/EST_TEST/hello_world/build/bootloader/bootloader_support\libbootloader_support.a(flash_partitions.o)
 .debug_ranges  0x000001a8       0x20 C:/8266/EST_TEST/hello_world/build/bootloader/bootloader_support\libbootloader_support.a(bootloader_common.o)
 .debug_ranges  0x000001c8       0xf0 C:/8266/EST_TEST/hello_world/build/bootloader/spi_flash\libspi_flash.a(spi_flash.o)
 .debug_ranges  0x000002b8       0x60 C:/8266/EST_TEST/hello_world/build/bootloader/spi_flash\libspi_flash.a(spi_flash_raw.o)
 .debug_ranges  0x00000318       0x20 C:/8266/EST_TEST/hello_world/build/bootloader/esp8266\libesp8266.a(crc.o)

.debug_line     0x00000000     0x67f3
 .debug_line    0x00000000      0x4f0 C:/8266/EST_TEST/hello_world/build/bootloader/main\libmain.a(bootloader_start.o)
 .debug_line    0x000004f0      0xdeb C:/8266/EST_TEST/hello_world/build/bootloader/bootloader_support\libbootloader_support.a(bootloader_utility.o)
 .debug_line    0x000012db      0x4d4 C:/8266/EST_TEST/hello_world/build/bootloader/bootloader_support\libbootloader_support.a(bootloader_init.o)
 .debug_line    0x000017af      0xb66 C:/8266/EST_TEST/hello_world/build/bootloader/bootloader_support\libbootloader_support.a(bootloader_flash.o)
 .debug_line    0x00002315      0xd68 C:/8266/EST_TEST/hello_world/build/bootloader/bootloader_support\libbootloader_support.a(esp_image_format.o)
 .debug_line    0x0000307d      0x4b3 C:/8266/EST_TEST/hello_world/build/bootloader/bootloader_support\libbootloader_support.a(flash_partitions.o)
 .debug_line    0x00003530      0x555 C:/8266/EST_TEST/hello_world/build/bootloader/bootloader_support\libbootloader_support.a(bootloader_common.o)
 .debug_line    0x00003a85     0x1ee9 C:/8266/EST_TEST/hello_world/build/bootloader/spi_flash\libspi_flash.a(spi_flash.o)
 .debug_line    0x0000596e      0xb3f C:/8266/EST_TEST/hello_world/build/bootloader/spi_flash\libspi_flash.a(spi_flash_raw.o)
 .debug_line    0x000064ad      0x346 C:/8266/EST_TEST/hello_world/build/bootloader/esp8266\libesp8266.a(crc.o)

.debug_str      0x00000000     0x2457
 .debug_str     0x00000000      0x82c C:/8266/EST_TEST/hello_world/build/bootloader/main\libmain.a(bootloader_start.o)
                                0x901 (size before relaxing)
 .debug_str     0x0000082c      0x31e C:/8266/EST_TEST/hello_world/build/bootloader/bootloader_support\libbootloader_support.a(bootloader_utility.o)
                                0xb90 (size before relaxing)
 .debug_str     0x00000b4a      0x329 C:/8266/EST_TEST/hello_world/build/bootloader/bootloader_support\libbootloader_support.a(bootloader_init.o)
                                0xa1f (size before relaxing)
 .debug_str     0x00000e73      0x28c C:/8266/EST_TEST/hello_world/build/bootloader/bootloader_support\libbootloader_support.a(bootloader_flash.o)
                                0x9b4 (size before relaxing)
 .debug_str     0x000010ff      0x1c0 C:/8266/EST_TEST/hello_world/build/bootloader/bootloader_support\libbootloader_support.a(esp_image_format.o)
                                0xb7e (size before relaxing)
 .debug_str     0x000012bf       0x78 C:/8266/EST_TEST/hello_world/build/bootloader/bootloader_support\libbootloader_support.a(flash_partitions.o)
                                0x7ac (size before relaxing)
 .debug_str     0x00001337      0xab0 C:/8266/EST_TEST/hello_world/build/bootloader/bootloader_support\libbootloader_support.a(bootloader_common.o)
                               0x10d2 (size before relaxing)
 .debug_str     0x00001de7      0x4a3 C:/8266/EST_TEST/hello_world/build/bootloader/spi_flash\libspi_flash.a(spi_flash.o)
                                0xd16 (size before relaxing)
 .debug_str     0x0000228a      0x120 C:/8266/EST_TEST/hello_world/build/bootloader/spi_flash\libspi_flash.a(spi_flash_raw.o)
                                0x8bf (size before relaxing)
 .debug_str     0x000023aa       0xad C:/8266/EST_TEST/hello_world/build/bootloader/esp8266\libesp8266.a(crc.o)
                                0x1c8 (size before relaxing)

.comment        0x00000000       0x6b
 .comment       0x00000000       0x31 C:/8266/EST_TEST/hello_world/build/bootloader/main\libmain.a(bootloader_start.o)
                                 0x32 (size before relaxing)
 .comment       0x00000031       0x32 C:/8266/EST_TEST/hello_world/build/bootloader/bootloader_support\libbootloader_support.a(bootloader_utility.o)
 .comment       0x00000031       0x32 C:/8266/EST_TEST/hello_world/build/bootloader/bootloader_support\libbootloader_support.a(bootloader_init.o)
 .comment       0x00000031       0x32 C:/8266/EST_TEST/hello_world/build/bootloader/bootloader_support\libbootloader_support.a(bootloader_flash.o)
 .comment       0x00000031       0x32 C:/8266/EST_TEST/hello_world/build/bootloader/bootloader_support\libbootloader_support.a(esp_image_format.o)
 .comment       0x00000031       0x32 C:/8266/EST_TEST/hello_world/build/bootloader/bootloader_support\libbootloader_support.a(flash_partitions.o)
 .comment       0x00000031       0x32 C:/8266/EST_TEST/hello_world/build/bootloader/bootloader_support\libbootloader_support.a(bootloader_common.o)
 .comment       0x00000031       0x32 C:/8266/EST_TEST/hello_world/build/bootloader/spi_flash\libspi_flash.a(spi_flash.o)
 .comment       0x00000031       0x32 C:/8266/EST_TEST/hello_world/build/bootloader/spi_flash\libspi_flash.a(spi_flash_raw.o)
 .comment       0x00000031       0x32 C:/8266/EST_TEST/hello_world/build/bootloader/esp8266\libesp8266.a(crc.o)
 .comment       0x00000031       0x3a C:/msys32/home/admin/esp/components/esp8266/lib\libcore.a(phy.o)
                                 0x3b (size before relaxing)

.xtensa.info    0x00000000       0x38
 .xtensa.info   0x00000000       0x38 C:/8266/EST_TEST/hello_world/build/bootloader/main\libmain.a(bootloader_start.o)
 .xtensa.info   0x00000038        0x0 C:/8266/EST_TEST/hello_world/build/bootloader/bootloader_support\libbootloader_support.a(bootloader_utility.o)
 .xtensa.info   0x00000038        0x0 C:/8266/EST_TEST/hello_world/build/bootloader/bootloader_support\libbootloader_support.a(bootloader_init.o)
 .xtensa.info   0x00000038        0x0 C:/8266/EST_TEST/hello_world/build/bootloader/bootloader_support\libbootloader_support.a(bootloader_flash.o)
 .xtensa.info   0x00000038        0x0 C:/8266/EST_TEST/hello_world/build/bootloader/bootloader_support\libbootloader_support.a(esp_image_format.o)
 .xtensa.info   0x00000038        0x0 C:/8266/EST_TEST/hello_world/build/bootloader/bootloader_support\libbootloader_support.a(flash_partitions.o)
 .xtensa.info   0x00000038        0x0 C:/8266/EST_TEST/hello_world/build/bootloader/bootloader_support\libbootloader_support.a(bootloader_common.o)
 .xtensa.info   0x00000038        0x0 C:/8266/EST_TEST/hello_world/build/bootloader/spi_flash\libspi_flash.a(spi_flash.o)
 .xtensa.info   0x00000038        0x0 C:/8266/EST_TEST/hello_world/build/bootloader/spi_flash\libspi_flash.a(spi_flash_raw.o)
 .xtensa.info   0x00000038        0x0 C:/8266/EST_TEST/hello_world/build/bootloader/log\liblog.a(log.o)
 .xtensa.info   0x00000038        0x0 C:/8266/EST_TEST/hello_world/build/bootloader/esp8266\libesp8266.a(ets_printf.o)
 .xtensa.info   0x00000038        0x0 C:/8266/EST_TEST/hello_world/build/bootloader/esp8266\libesp8266.a(crc.o)
 .xtensa.info   0x00000038        0x0 C:/8266/EST_TEST/hello_world/build/bootloader/esp8266\libesp8266.a(esp_fast_boot.o)
 .xtensa.info   0x00000038        0x0 C:/msys32/home/admin/esp/components/esp8266/lib\libcore.a(phy.o)
